Archive member included to satisfy reference by file (symbol)

C:/ST/STM32CubeIDE_1.13.0/STM32CubeIDE/plugins/com.st.stm32cube.ide.mcu.externaltools.gnu-tools-for-stm32.11.3.rel1.win32_1.1.0.202305231506/tools/bin/../lib/gcc/arm-none-eabi/11.3.1/../../../../arm-none-eabi/lib/thumb/v7e-m+fp/hard\libc_nano.a(libc_a-exit.o)
                              C:/ST/STM32CubeIDE_1.13.0/STM32CubeIDE/plugins/com.st.stm32cube.ide.mcu.externaltools.gnu-tools-for-stm32.11.3.rel1.win32_1.1.0.202305231506/tools/bin/../lib/gcc/arm-none-eabi/11.3.1/../../../../arm-none-eabi/lib/thumb/v7e-m+fp/hard/crt0.o (exit)
C:/ST/STM32CubeIDE_1.13.0/STM32CubeIDE/plugins/com.st.stm32cube.ide.mcu.externaltools.gnu-tools-for-stm32.11.3.rel1.win32_1.1.0.202305231506/tools/bin/../lib/gcc/arm-none-eabi/11.3.1/../../../../arm-none-eabi/lib/thumb/v7e-m+fp/hard\libc_nano.a(libc_a-findfp.o)
                              C:/ST/STM32CubeIDE_1.13.0/STM32CubeIDE/plugins/com.st.stm32cube.ide.mcu.externaltools.gnu-tools-for-stm32.11.3.rel1.win32_1.1.0.202305231506/tools/bin/../lib/gcc/arm-none-eabi/11.3.1/../../../../arm-none-eabi/lib/thumb/v7e-m+fp/hard\libc_nano.a(libc_a-exit.o) (__stdio_exit_handler)
C:/ST/STM32CubeIDE_1.13.0/STM32CubeIDE/plugins/com.st.stm32cube.ide.mcu.externaltools.gnu-tools-for-stm32.11.3.rel1.win32_1.1.0.202305231506/tools/bin/../lib/gcc/arm-none-eabi/11.3.1/../../../../arm-none-eabi/lib/thumb/v7e-m+fp/hard\libc_nano.a(libc_a-fwalk.o)
                              C:/ST/STM32CubeIDE_1.13.0/STM32CubeIDE/plugins/com.st.stm32cube.ide.mcu.externaltools.gnu-tools-for-stm32.11.3.rel1.win32_1.1.0.202305231506/tools/bin/../lib/gcc/arm-none-eabi/11.3.1/../../../../arm-none-eabi/lib/thumb/v7e-m+fp/hard\libc_nano.a(libc_a-findfp.o) (_fwalk_sglue)
C:/ST/STM32CubeIDE_1.13.0/STM32CubeIDE/plugins/com.st.stm32cube.ide.mcu.externaltools.gnu-tools-for-stm32.11.3.rel1.win32_1.1.0.202305231506/tools/bin/../lib/gcc/arm-none-eabi/11.3.1/../../../../arm-none-eabi/lib/thumb/v7e-m+fp/hard\libc_nano.a(libc_a-stdio.o)
                              C:/ST/STM32CubeIDE_1.13.0/STM32CubeIDE/plugins/com.st.stm32cube.ide.mcu.externaltools.gnu-tools-for-stm32.11.3.rel1.win32_1.1.0.202305231506/tools/bin/../lib/gcc/arm-none-eabi/11.3.1/../../../../arm-none-eabi/lib/thumb/v7e-m+fp/hard\libc_nano.a(libc_a-findfp.o) (__sread)
C:/ST/STM32CubeIDE_1.13.0/STM32CubeIDE/plugins/com.st.stm32cube.ide.mcu.externaltools.gnu-tools-for-stm32.11.3.rel1.win32_1.1.0.202305231506/tools/bin/../lib/gcc/arm-none-eabi/11.3.1/../../../../arm-none-eabi/lib/thumb/v7e-m+fp/hard\libc_nano.a(libc_a-memset.o)
                              C:/ST/STM32CubeIDE_1.13.0/STM32CubeIDE/plugins/com.st.stm32cube.ide.mcu.externaltools.gnu-tools-for-stm32.11.3.rel1.win32_1.1.0.202305231506/tools/bin/../lib/gcc/arm-none-eabi/11.3.1/../../../../arm-none-eabi/lib/thumb/v7e-m+fp/hard/crt0.o (memset)
C:/ST/STM32CubeIDE_1.13.0/STM32CubeIDE/plugins/com.st.stm32cube.ide.mcu.externaltools.gnu-tools-for-stm32.11.3.rel1.win32_1.1.0.202305231506/tools/bin/../lib/gcc/arm-none-eabi/11.3.1/../../../../arm-none-eabi/lib/thumb/v7e-m+fp/hard\libc_nano.a(libc_a-closer.o)
                              C:/ST/STM32CubeIDE_1.13.0/STM32CubeIDE/plugins/com.st.stm32cube.ide.mcu.externaltools.gnu-tools-for-stm32.11.3.rel1.win32_1.1.0.202305231506/tools/bin/../lib/gcc/arm-none-eabi/11.3.1/../../../../arm-none-eabi/lib/thumb/v7e-m+fp/hard\libc_nano.a(libc_a-stdio.o) (_close_r)
C:/ST/STM32CubeIDE_1.13.0/STM32CubeIDE/plugins/com.st.stm32cube.ide.mcu.externaltools.gnu-tools-for-stm32.11.3.rel1.win32_1.1.0.202305231506/tools/bin/../lib/gcc/arm-none-eabi/11.3.1/../../../../arm-none-eabi/lib/thumb/v7e-m+fp/hard\libc_nano.a(libc_a-reent.o)
                              C:/ST/STM32CubeIDE_1.13.0/STM32CubeIDE/plugins/com.st.stm32cube.ide.mcu.externaltools.gnu-tools-for-stm32.11.3.rel1.win32_1.1.0.202305231506/tools/bin/../lib/gcc/arm-none-eabi/11.3.1/../../../../arm-none-eabi/lib/thumb/v7e-m+fp/hard\libc_nano.a(libc_a-closer.o) (errno)
C:/ST/STM32CubeIDE_1.13.0/STM32CubeIDE/plugins/com.st.stm32cube.ide.mcu.externaltools.gnu-tools-for-stm32.11.3.rel1.win32_1.1.0.202305231506/tools/bin/../lib/gcc/arm-none-eabi/11.3.1/../../../../arm-none-eabi/lib/thumb/v7e-m+fp/hard\libc_nano.a(libc_a-impure.o)
                              C:/ST/STM32CubeIDE_1.13.0/STM32CubeIDE/plugins/com.st.stm32cube.ide.mcu.externaltools.gnu-tools-for-stm32.11.3.rel1.win32_1.1.0.202305231506/tools/bin/../lib/gcc/arm-none-eabi/11.3.1/../../../../arm-none-eabi/lib/thumb/v7e-m+fp/hard\libc_nano.a(libc_a-reent.o) (_impure_ptr)
C:/ST/STM32CubeIDE_1.13.0/STM32CubeIDE/plugins/com.st.stm32cube.ide.mcu.externaltools.gnu-tools-for-stm32.11.3.rel1.win32_1.1.0.202305231506/tools/bin/../lib/gcc/arm-none-eabi/11.3.1/../../../../arm-none-eabi/lib/thumb/v7e-m+fp/hard\libc_nano.a(libc_a-lseekr.o)
[...]
Memory Configuration

Name             Origin             Length             Attributes
RAM              0x0000000020000000 0x0000000000020000 xrw
FLASH            0x0000000008000000 0x0000000000080000 xr
*default*        0x0000000000000000 0xffffffffffffffff

Linker script and memory map

LOAD C:/ST/STM32CubeIDE_1.13.0/STM32CubeIDE/plugins/com.st.stm32cube.ide.mcu.externaltools.gnu-tools-for-stm32.11.3.rel1.win32_1.1.0.202305231506/tools/bin/../lib/gcc/arm-none-eabi/11.3.1/thumb/v7e-m+fp/hard/crti.o
LOAD C:/ST/STM32CubeIDE_1.13.0/STM32CubeIDE/plugins/com.st.stm32cube.ide.mcu.externaltools.gnu-tools-for-stm32.11.3.rel1.win32_1.1.0.202305231506/tools/bin/../lib/gcc/arm-none-eabi/11.3.1/thumb/v7e-m+fp/hard/crtbegin.o
LOAD C:/ST/STM32CubeIDE_1.13.0/STM32CubeIDE/plugins/com.st.stm32cube.ide.mcu.externaltools.gnu-tools-for-stm32.11.3.rel1.win32_1.1.0.202305231506/tools/bin/../lib/gcc/arm-none-eabi/11.3.1/../../../../arm-none-eabi/lib/thumb/v7e-m+fp/hard/crt0.o
LOAD ./Src/gpio_driver.o
LOAD ./Src/i2c_driver.o
LOAD ./Src/led.o
LOAD ./Src/main.o
LOAD ./Src/oskernel.o
LOAD ./Src/spi_driver.o
LOAD ./Src/syscalls.o
LOAD ./Src/sysmem.o
LOAD ./Src/uart.o
LOAD ./Startup/startup_stm32f411vetx.o
START GROUP
LOAD C:/ST/STM32CubeIDE_1.13.0/STM32CubeIDE/plugins/com.st.stm32cube.ide.mcu.externaltools.gnu-tools-for-stm32.11.3.rel1.win32_1.1.0.202305231506/tools/bin/../lib/gcc/arm-none-eabi/11.3.1/../../../../arm-none-eabi/lib/thumb/v7e-m+fp/hard\libc_nano.a
LOAD C:/ST/STM32CubeIDE_1.13.0/STM32CubeIDE/plugins/com.st.stm32cube.ide.mcu.externaltools.gnu-tools-for-stm32.11.3.rel1.win32_1.1.0.202305231506/tools/bin/../lib/gcc/arm-none-eabi/11.3.1/../../../../arm-none-eabi/lib/thumb/v7e-m+fp/hard\libm.a
END GROUP
START GROUP
LOAD C:/ST/STM32CubeIDE_1.13.0/STM32CubeIDE/plugins/com.st.stm32cube.ide.mcu.externaltools.gnu-tools-for-stm32.11.3.rel1.win32_1.1.0.202305231506/tools/bin/../lib/gcc/arm-none-eabi/11.3.1/thumb/v7e-m+fp/hard\libgcc.a
LOAD C:/ST/STM32CubeIDE_1.13.0/STM32CubeIDE/plugins/com.st.stm32cube.ide.mcu.externaltools.gnu-tools-for-stm32.11.3.rel1.win32_1.1.0.202305231506/tools/bin/../lib/gcc/arm-none-eabi/11.3.1/../../../../arm-none-eabi/lib/thumb/v7e-m+fp/hard\libc_nano.a
END GROUP
START GROUP
LOAD C:/ST/STM32CubeIDE_1.13.0/STM32CubeIDE/plugins/com.st.stm32cube.ide.mcu.externaltools.gnu-tools-for-stm32.11.3.rel1.win32_1.1.0.202305231506/tools/bin/../lib/gcc/arm-none-eabi/11.3.1/thumb/v7e-m+fp/hard\libgcc.a
LOAD C:/ST/STM32CubeIDE_1.13.0/STM32CubeIDE/plugins/com.st.stm32cube.ide.mcu.externaltools.gnu-tools-for-stm32.11.3.rel1.win32_1.1.0.202305231506/tools/bin/../lib/gcc/arm-none-eabi/11.3.1/../../../../arm-none-eabi/lib/thumb/v7e-m+fp/hard\libc_nano.a
LOAD C:/ST/STM32CubeIDE_1.13.0/STM32CubeIDE/plugins/com.st.stm32cube.ide.mcu.externaltools.gnu-tools-for-stm32.11.3.rel1.win32_1.1.0.202305231506/tools/bin/../lib/gcc/arm-none-eabi/11.3.1/../../../../arm-none-eabi/lib/thumb/v7e-m+fp/hard\libnosys.a
END GROUP
START GROUP
LOAD C:/ST/STM32CubeIDE_1.13.0/STM32CubeIDE/plugins/com.st.stm32cube.ide.mcu.externaltools.gnu-tools-for-stm32.11.3.rel1.win32_1.1.0.202305231506/tools/bin/../lib/gcc/arm-none-eabi/11.3.1/thumb/v7e-m+fp/hard\libgcc.a
LOAD C:/ST/STM32CubeIDE_1.13.0/STM32CubeIDE/plugins/com.st.stm32cube.ide.mcu.externaltools.gnu-tools-for-stm32.11.3.rel1.win32_1.1.0.202305231506/tools/bin/../lib/gcc/arm-none-eabi/11.3.1/../../../../arm-none-eabi/lib/thumb/v7e-m+fp/hard\libc_nano.a
LOAD C:/ST/STM32CubeIDE_1.13.0/STM32CubeIDE/plugins/com.st.stm32cube.ide.mcu.externaltools.gnu-tools-for-stm32.11.3.rel1.win32_1.1.0.202305231506/tools/bin/../lib/gcc/arm-none-eabi/11.3.1/../../../../arm-none-eabi/lib/thumb/v7e-m+fp/hard\libnosys.a
END GROUP
LOAD C:/ST/STM32CubeIDE_1.13.0/STM32CubeIDE/plugins/com.st.stm32cube.ide.mcu.externaltools.gnu-tools-for-stm32.11.3.rel1.win32_1.1.0.202305231506/tools/bin/../lib/gcc/arm-none-eabi/11.3.1/thumb/v7e-m+fp/hard/crtend.o
LOAD C:/ST/STM32CubeIDE_1.13.0/STM32CubeIDE/plugins/com.st.stm32cube.ide.mcu.externaltools.gnu-tools-for-stm32.11.3.rel1.win32_1.1.0.202305231506/tools/bin/../lib/gcc/arm-none-eabi/11.3.1/thumb/v7e-m+fp/hard/crtn.o
                0x0000000020020000                _estack = (ORIGIN (RAM) + LENGTH (RAM))
                0x0000000000000200                _Min_Heap_Size = 0x200
                0x0000000000000400                _Min_Stack_Size = 0x400

.isr_vector     0x0000000008000000      0x198
                0x0000000008000000                . = ALIGN (0x4)
 *(.isr_vector)
 .isr_vector    0x0000000008000000      0x198 ./Startup/startup_stm32f411vetx.o
                0x0000000008000000                g_pfnVectors
                0x0000000008000198                . = ALIGN (0x4)

.text           0x0000000008000198      0xa38
                0x0000000008000198                . = ALIGN (0x4)
 *(.text)
 .text          0x0000000008000198       0x40 C:/ST/STM32CubeIDE_1.13.0/STM32CubeIDE/plugins/com.st.stm32cube.ide.mcu.externaltools.gnu-tools-for-stm32.11.3.rel1.win32_1.1.0.202305231506/tools/bin/../lib/gcc/arm-none-eabi/11.3.1/thumb/v7e-m+fp/hard/crtbegin.o
 *(.text*)
 .text.GPIO_ClockConfig
                0x00000000080001d8      0x140 ./Src/gpio_driver.o
                0x00000000080001d8                GPIO_ClockConfig
 .text.GPIO_Init
                0x0000000008000318      0x2c4 ./Src/gpio_driver.o
                0x0000000008000318                GPIO_Init
 .text.GPIO_TogglePin
                0x00000000080005dc       0x2a ./Src/gpio_driver.o
                0x00000000080005dc                GPIO_TogglePin
 *fill*         0x0000000008000606        0x2 
 .text.led_init
                0x0000000008000608       0x64 ./Src/led.o
                0x0000000008000608                led_init
 .text.idle     0x000000000800066c       0x14 ./Src/main.o
                0x000000000800066c                idle
 .text.task0    0x0000000008000680       0x28 ./Src/main.o
                0x0000000008000680                task0
 .text.task1    0x00000000080006a8       0x28 ./Src/main.o
                0x00000000080006a8                task1
 .text.task2    0x00000000080006d0       0x28 ./Src/main.o
                0x00000000080006d0                task2
 .text.task3    0x00000000080006f8       0x28 ./Src/main.o
                0x00000000080006f8                task3
 .text.main     0x0000000008000720       0x54 ./Src/main.o
                0x0000000008000720                main
 .text.__NVIC_SetPriority
                0x0000000008000774       0x54 ./Src/oskernel.o
 .text.osKernelStackInit
                0x00000000080007c8       0x70 ./Src/oskernel.o
 .text.osKernelAddThreads
                0x0000000008000838       0xa8 ./Src/oskernel.o
                0x0000000008000838                osKernelAddThreads
 .text.osKernelInit
                0x00000000080008e0       0x20 ./Src/oskernel.o
                0x00000000080008e0                osKernelInit
 .text.osKernelLaunch
                0x0000000008000900       0x5c ./Src/oskernel.o
                0x0000000008000900                osKernelLaunch
 .text.SysTick_Handler
                0x000000000800095c       0x20 ./Src/oskernel.o
                0x000000000800095c                SysTick_Handler
 .text.update_ticks
                0x000000000800097c       0x28 ./Src/oskernel.o
 .text.PendSV_Handler
                0x00000000080009a4       0x2c ./Src/oskernel.o
                0x00000000080009a4                PendSV_Handler
 .text.osSchedulerLaunch
                0x00000000080009d0       0x28 ./Src/oskernel.o
 .text.getTick  0x00000000080009f8       0x2c ./Src/oskernel.o
                0x00000000080009f8                getTick
 .text.update_next_thread
                0x0000000008000a24       0x48 ./Src/oskernel.o
                0x0000000008000a24                update_next_thread
 .text.unblock_threads
                0x0000000008000a6c       0x60 ./Src/oskernel.o
                0x0000000008000a6c                unblock_threads
 .text.thread_delay
                0x0000000008000acc       0x50 ./Src/oskernel.o
                0x0000000008000acc                thread_delay
 .text.Reset_Handler
                0x0000000008000b1c       0x50 ./Startup/startup_stm32f411vetx.o
                0x0000000008000b1c                Reset_Handler
 .text.Default_Handler
                0x0000000008000b6c        0x2 ./Startup/startup_stm32f411vetx.o
                0x0000000008000b6c                RTC_Alarm_IRQHandler
                0x0000000008000b6c                EXTI2_IRQHandler
                0x0000000008000b6c                DebugMon_Handler
                0x0000000008000b6c                SPI4_IRQHandler
                0x0000000008000b6c                TIM1_CC_IRQHandler
                0x0000000008000b6c                DMA2_Stream5_IRQHandler
                0x0000000008000b6c                HardFault_Handler
                0x0000000008000b6c                DMA1_Stream5_IRQHandler
                0x0000000008000b6c                PVD_IRQHandler
                0x0000000008000b6c                SDIO_IRQHandler
                0x0000000008000b6c                TAMP_STAMP_IRQHandler
                0x0000000008000b6c                NMI_Handler
                0x0000000008000b6c                EXTI3_IRQHandler
                0x0000000008000b6c                TIM1_UP_TIM10_IRQHandler
                0x0000000008000b6c                I2C3_ER_IRQHandler
                0x0000000008000b6c                EXTI0_IRQHandler
                0x0000000008000b6c                I2C2_EV_IRQHandler
                0x0000000008000b6c                DMA1_Stream2_IRQHandler
                0x0000000008000b6c                UsageFault_Handler
                0x0000000008000b6c                DMA2_Stream2_IRQHandler
                0x0000000008000b6c                SPI1_IRQHandler
                0x0000000008000b6c                TIM1_BRK_TIM9_IRQHandler
                0x0000000008000b6c                DMA2_Stream3_IRQHandler
                0x0000000008000b6c                USART6_IRQHandler
                0x0000000008000b6c                DMA2_Stream0_IRQHandler
                0x0000000008000b6c                TIM4_IRQHandler
                0x0000000008000b6c                I2C1_EV_IRQHandler
                0x0000000008000b6c                DMA1_Stream6_IRQHandler
                0x0000000008000b6c                DMA1_Stream1_IRQHandler
                0x0000000008000b6c                TIM3_IRQHandler
                0x0000000008000b6c                RCC_IRQHandler
                0x0000000008000b6c                Default_Handler
                0x0000000008000b6c                EXTI15_10_IRQHandler
                0x0000000008000b6c                ADC_IRQHandler
                0x0000000008000b6c                DMA1_Stream7_IRQHandler
                0x0000000008000b6c                SPI5_IRQHandler
                0x0000000008000b6c                TIM5_IRQHandler
                0x0000000008000b6c                DMA2_Stream7_IRQHandler
                0x0000000008000b6c                I2C3_EV_IRQHandler
                0x0000000008000b6c                EXTI9_5_IRQHandler
                0x0000000008000b6c                RTC_WKUP_IRQHandler
                0x0000000008000b6c                SPI2_IRQHandler
                0x0000000008000b6c                MemManage_Handler
                0x0000000008000b6c                DMA1_Stream0_IRQHandler
                0x0000000008000b6c                SVC_Handler
                0x0000000008000b6c                EXTI4_IRQHandler
                0x0000000008000b6c                WWDG_IRQHandler
                0x0000000008000b6c                TIM2_IRQHandler
                0x0000000008000b6c                OTG_FS_WKUP_IRQHandler
                0x0000000008000b6c                TIM1_TRG_COM_TIM11_IRQHandler
                0x0000000008000b6c                EXTI1_IRQHandler
                0x0000000008000b6c                USART2_IRQHandler
                0x0000000008000b6c                I2C2_ER_IRQHandler
                0x0000000008000b6c                DMA2_Stream1_IRQHandler
                0x0000000008000b6c                FLASH_IRQHandler
                0x0000000008000b6c                DMA2_Stream4_IRQHandler
                0x0000000008000b6c                BusFault_Handler
                0x0000000008000b6c                USART1_IRQHandler
                0x0000000008000b6c                OTG_FS_IRQHandler
                0x0000000008000b6c                SPI3_IRQHandler
                0x0000000008000b6c                DMA1_Stream4_IRQHandler
                0x0000000008000b6c                I2C1_ER_IRQHandler
                0x0000000008000b6c                DMA2_Stream6_IRQHandler
                0x0000000008000b6c                DMA1_Stream3_IRQHandler
 *fill*         0x0000000008000b6e        0x2 
 .text.__libc_init_array
                0x0000000008000b70       0x48 C:/ST/STM32CubeIDE_1.13.0/STM32CubeIDE/plugins/com.st.stm32cube.ide.mcu.externaltools.gnu-tools-for-stm32.11.3.rel1.win32_1.1.0.202305231506/tools/bin/../lib/gcc/arm-none-eabi/11.3.1/../../../../arm-none-eabi/lib/thumb/v7e-m+fp/hard\libc_nano.a(libc_a-init.o)
                0x0000000008000b70                __libc_init_array
 *(.glue_7)
 .glue_7        0x0000000008000bb8        0x0 linker stubs
 *(.glue_7t)
 .glue_7t       0x0000000008000bb8        0x0 linker stubs
 *(.eh_frame)
 .eh_frame      0x0000000008000bb8        0x0 C:/ST/STM32CubeIDE_1.13.0/STM32CubeIDE/plugins/com.st.stm32cube.ide.mcu.externaltools.gnu-tools-for-stm32.11.3.rel1.win32_1.1.0.202305231506/tools/bin/../lib/gcc/arm-none-eabi/11.3.1/thumb/v7e-m+fp/hard/crtbegin.o
 *(.init)
 .init          0x0000000008000bb8        0x4 C:/ST/STM32CubeIDE_1.13.0/STM32CubeIDE/plugins/com.st.stm32cube.ide.mcu.externaltools.gnu-tools-for-stm32.11.3.rel1.win32_1.1.0.202305231506/tools/bin/../lib/gcc/arm-none-eabi/11.3.1/thumb/v7e-m+fp/hard/crti.o
                0x0000000008000bb8                _init
 .init          0x0000000008000bbc        0x8 C:/ST/STM32CubeIDE_1.13.0/STM32CubeIDE/plugins/com.st.stm32cube.ide.mcu.externaltools.gnu-tools-for-stm32.11.3.rel1.win32_1.1.0.202305231506/tools/bin/../lib/gcc/arm-none-eabi/11.3.1/thumb/v7e-m+fp/hard/crtn.o
 *(.fini)
 .fini          0x0000000008000bc4        0x4 C:/ST/STM32CubeIDE_1.13.0/STM32CubeIDE/plugins/com.st.stm32cube.ide.mcu.externaltools.gnu-tools-for-stm32.11.3.rel1.win32_1.1.0.202305231506/tools/bin/../lib/gcc/arm-none-eabi/11.3.1/thumb/v7e-m+fp/hard/crti.o
                0x0000000008000bc4                _fini
 .fini          0x0000000008000bc8        0x8 C:/ST/STM32CubeIDE_1.13.0/STM32CubeIDE/plugins/com.st.stm32cube.ide.mcu.externaltools.gnu-tools-for-stm32.11.3.rel1.win32_1.1.0.202305231506/tools/bin/../lib/gcc/arm-none-eabi/11.3.1/thumb/v7e-m+fp/hard/crtn.o
                0x0000000008000bd0                . = ALIGN (0x4)
                0x0000000008000bd0                _etext = .

.vfp11_veneer   0x0000000008000bd0        0x0
 .vfp11_veneer  0x0000000008000bd0        0x0 linker stubs

.v4_bx          0x0000000008000bd0        0x0
 .v4_bx         0x0000000008000bd0        0x0 linker stubs

.iplt           0x0000000008000bd0        0x0
 .iplt          0x0000000008000bd0        0x0 C:/ST/STM32CubeIDE_1.13.0/STM32CubeIDE/plugins/com.st.stm32cube.ide.mcu.externaltools.gnu-tools-for-stm32.11.3.rel1.win32_1.1.0.202305231506/tools/bin/../lib/gcc/arm-none-eabi/11.3.1/thumb/v7e-m+fp/hard/crtbegin.o

.rel.dyn        0x0000000008000bd0        0x0
 .rel.iplt      0x0000000008000bd0        0x0 C:/ST/STM32CubeIDE_1.13.0/STM32CubeIDE/plugins/com.st.stm32cube.ide.mcu.externaltools.gnu-tools-for-stm32.11.3.rel1.win32_1.1.0.202305231506/tools/bin/../lib/gcc/arm-none-eabi/11.3.1/thumb/v7e-m+fp/hard/crtbegin.o

.rodata         0x0000000008000bd0        0x0
                0x0000000008000bd0                . = ALIGN (0x4)
 *(.rodata)
 *(.rodata*)
                0x0000000008000bd0                . = ALIGN (0x4)

.ARM.extab      0x0000000008000bd0        0x0
                0x0000000008000bd0                . = ALIGN (0x4)
 *(.ARM.extab* .gnu.linkonce.armextab.*)
                0x0000000008000bd0                . = ALIGN (0x4)

.ARM            0x0000000008000bd0        0x0
                0x0000000008000bd0                . = ALIGN (0x4)
                0x0000000008000bd0                __exidx_start = .
 *(.ARM.exidx*)
                0x0000000008000bd0                __exidx_end = .
                0x0000000008000bd0                . = ALIGN (0x4)

.preinit_array  0x0000000008000bd0        0x0
                0x0000000008000bd0                . = ALIGN (0x4)
                0x0000000008000bd0                PROVIDE (__preinit_array_start = .)
 *(.preinit_array*)
                0x0000000008000bd0                PROVIDE (__preinit_array_end = .)
                0x0000000008000bd0                . = ALIGN (0x4)

.init_array     0x0000000008000bd0        0x4
                0x0000000008000bd0                . = ALIGN (0x4)
                0x0000000008000bd0                PROVIDE (__init_array_start = .)
 *(SORT_BY_NAME(.init_array.*))
 *(.init_array*)
 .init_array    0x0000000008000bd0        0x4 C:/ST/STM32CubeIDE_1.13.0/STM32CubeIDE/plugins/com.st.stm32cube.ide.mcu.externaltools.gnu-tools-for-stm32.11.3.rel1.win32_1.1.0.202305231506/tools/bin/../lib/gcc/arm-none-eabi/11.3.1/thumb/v7e-m+fp/hard/crtbegin.o
                0x0000000008000bd4                PROVIDE (__init_array_end = .)
                0x0000000008000bd4                . = ALIGN (0x4)

.fini_array     0x0000000008000bd4        0x4
                0x0000000008000bd4                . = ALIGN (0x4)
                [!provide]                        PROVIDE (__fini_array_start = .)
 *(SORT_BY_NAME(.fini_array.*))
 *(.fini_array*)
 .fini_array    0x0000000008000bd4        0x4 C:/ST/STM32CubeIDE_1.13.0/STM32CubeIDE/plugins/com.st.stm32cube.ide.mcu.externaltools.gnu-tools-for-stm32.11.3.rel1.win32_1.1.0.202305231506/tools/bin/../lib/gcc/arm-none-eabi/11.3.1/thumb/v7e-m+fp/hard/crtbegin.o
                [!provide]                        PROVIDE (__fini_array_end = .)
                0x0000000008000bd8                . = ALIGN (0x4)
                0x0000000008000bd8                _sidata = LOADADDR (.data)

.data           0x0000000020000000        0x4 load address 0x0000000008000bd8
                0x0000000020000000                . = ALIGN (0x4)
                0x0000000020000000                _sdata = .
 *(.data)
 *(.data*)
 .data.tick_freq
                0x0000000020000000        0x1 ./Src/oskernel.o
                0x0000000020000000                tick_freq
 *(.RamFunc)
 *(.RamFunc*)
                0x0000000020000004                . = ALIGN (0x4)
 *fill*         0x0000000020000001        0x3 
                0x0000000020000004                _edata = .

.igot.plt       0x0000000020000004        0x0 load address 0x0000000008000bdc
 .igot.plt      0x0000000020000004        0x0 C:/ST/STM32CubeIDE_1.13.0/STM32CubeIDE/plugins/com.st.stm32cube.ide.mcu.externaltools.gnu-tools-for-stm32.11.3.rel1.win32_1.1.0.202305231506/tools/bin/../lib/gcc/arm-none-eabi/11.3.1/thumb/v7e-m+fp/hard/crtbegin.o
                0x0000000020000004                . = ALIGN (0x4)

.bss            0x0000000020000004     0x50a8 load address 0x0000000008000bdc
                0x0000000020000004                _sbss = .
                0x0000000020000004                __bss_start__ = _sbss
 *(.bss)
 .bss           0x0000000020000004       0x1c C:/ST/STM32CubeIDE_1.13.0/STM32CubeIDE/plugins/com.st.stm32cube.ide.mcu.externaltools.gnu-tools-for-stm32.11.3.rel1.win32_1.1.0.202305231506/tools/bin/../lib/gcc/arm-none-eabi/11.3.1/thumb/v7e-m+fp/hard/crtbegin.o
 *(.bss*)
 .bss.Task0_Profiler
                0x0000000020000020        0x4 ./Src/main.o
                0x0000000020000020                Task0_Profiler
 .bss.Task1_Profiler
                0x0000000020000024        0x4 ./Src/main.o
                0x0000000020000024                Task1_Profiler
 .bss.Task2_Profiler
                0x0000000020000028        0x4 ./Src/main.o
                0x0000000020000028                Task2_Profiler
 .bss.Task3_Profiler
                0x000000002000002c        0x4 ./Src/main.o
                0x000000002000002c                Task3_Profiler
 .bss.Idle_Profiler
                0x0000000020000030        0x4 ./Src/main.o
                0x0000000020000030                Idle_Profiler
 .bss.threads   0x0000000020000034       0x14 ./Src/main.o
                0x0000000020000034                threads
 .bss.MS_PRESCALER
                0x0000000020000048        0x4 ./Src/oskernel.o
                0x0000000020000048                MS_PRESCALER
 .bss.tcbs      0x000000002000004c       0x50 ./Src/oskernel.o
                0x000000002000004c                tcbs
 .bss.TCB_STACK
                0x000000002000009c     0x5000 ./Src/oskernel.o
                0x000000002000009c                TCB_STACK
 .bss.currentPt
                0x000000002000509c        0x4 ./Src/oskernel.o
                0x000000002000509c                currentPt
 .bss.head      0x00000000200050a0        0x4 ./Src/oskernel.o
                0x00000000200050a0                head
 .bss.g_tick_count
                0x00000000200050a4        0x4 ./Src/oskernel.o
                0x00000000200050a4                g_tick_count
 .bss.curr_tick_count
                0x00000000200050a8        0x4 ./Src/oskernel.o
                0x00000000200050a8                curr_tick_count
 *(COMMON)
                0x00000000200050ac                . = ALIGN (0x4)
                0x00000000200050ac                _ebss = .
                0x00000000200050ac                __bss_end__ = _ebss

._user_heap_stack
                0x00000000200050ac      0x604 load address 0x0000000008000bdc
                0x00000000200050b0                . = ALIGN (0x8)
 *fill*         0x00000000200050ac        0x4 
                [!provide]                        PROVIDE (end = .)
                0x00000000200050b0                PROVIDE (_end = .)
                0x00000000200052b0                . = (. + _Min_Heap_Size)
 *fill*         0x00000000200050b0      0x200 
                0x00000000200056b0                . = (. + _Min_Stack_Size)
 *fill*         0x00000000200052b0      0x400 
                0x00000000200056b0                . = ALIGN (0x8)

/DISCARD/
 libc.a(*)
 libm.a(*)
 libgcc.a(*)

.ARM.attributes
                0x0000000000000000       0x30
 *(.ARM.attributes)
 .ARM.attributes
                0x0000000000000000       0x1e C:/ST/STM32CubeIDE_1.13.0/STM32CubeIDE/plugins/com.st.stm32cube.ide.mcu.externaltools.gnu-tools-for-stm32.11.3.rel1.win32_1.1.0.202305231506/tools/bin/../lib/gcc/arm-none-eabi/11.3.1/thumb/v7e-m+fp/hard/crti.o
 .ARM.attributes
                0x000000000000001e       0x34 C:/ST/STM32CubeIDE_1.13.0/STM32CubeIDE/plugins/com.st.stm32cube.ide.mcu.externaltools.gnu-tools-for-stm32.11.3.rel1.win32_1.1.0.202305231506/tools/bin/../lib/gcc/arm-none-eabi/11.3.1/thumb/v7e-m+fp/hard/crtbegin.o
 .ARM.attributes
                0x0000000000000052       0x34 ./Src/gpio_driver.o
 .ARM.attributes
                0x0000000000000086       0x34 ./Src/led.o
 .ARM.attributes
                0x00000000000000ba       0x34 ./Src/main.o
 .ARM.attributes
                0x00000000000000ee       0x34 ./Src/oskernel.o
 .ARM.attributes
                0x0000000000000122       0x21 ./Startup/startup_stm32f411vetx.o
 .ARM.attributes
                0x0000000000000143       0x34 C:/ST/STM32CubeIDE_1.13.0/STM32CubeIDE/plugins/com.st.stm32cube.ide.mcu.externaltools.gnu-tools-for-stm32.11.3.rel1.win32_1.1.0.202305231506/tools/bin/../lib/gcc/arm-none-eabi/11.3.1/../../../../arm-none-eabi/lib/thumb/v7e-m+fp/hard\libc_nano.a(libc_a-init.o)
 .ARM.attributes
                0x0000000000000177       0x1e C:/ST/STM32CubeIDE_1.13.0/STM32CubeIDE/plugins/com.st.stm32cube.ide.mcu.externaltools.gnu-tools-for-stm32.11.3.rel1.win32_1.1.0.202305231506/tools/bin/../lib/gcc/arm-none-eabi/11.3.1/thumb/v7e-m+fp/hard/crtn.o
OUTPUT(Round_Robin.elf elf32-littlearm)
LOAD linker stubs
LOAD C:/ST/STM32CubeIDE_1.13.0/STM32CubeIDE/plugins/com.st.stm32cube.ide.mcu.externaltools.gnu-tools-for-stm32.11.3.rel1.win32_1.1.0.202305231506/tools/bin/../lib/gcc/arm-none-eabi/11.3.1/../../../../arm-none-eabi/lib/thumb/v7e-m+fp/hard\libc.a
LOAD C:/ST/STM32CubeIDE_1.13.0/STM32CubeIDE/plugins/com.st.stm32cube.ide.mcu.externaltools.gnu-tools-for-stm32.11.3.rel1.win32_1.1.0.202305231506/tools/bin/../lib/gcc/arm-none-eabi/11.3.1/../../../../arm-none-eabi/lib/thumb/v7e-m+fp/hard\libm.a
LOAD C:/ST/STM32CubeIDE_1.13.0/STM32CubeIDE/plugins/com.st.stm32cube.ide.mcu.externaltools.gnu-tools-for-stm32.11.3.rel1.win32_1.1.0.202305231506/tools/bin/../lib/gcc/arm-none-eabi/11.3.1/thumb/v7e-m+fp/hard\libgcc.a

.comment        0x0000000000000000       0x43
 .comment       0x0000000000000000       0x43 C:/ST/STM32CubeIDE_1.13.0/STM32CubeIDE/plugins/com.st.stm32cube.ide.mcu.externaltools.gnu-tools-for-stm32.11.3.rel1.win32_1.1.0.202305231506/tools/bin/../lib/gcc/arm-none-eabi/11.3.1/thumb/v7e-m+fp/hard/crtbegin.o
                                         0x44 (size before relaxing)
 .comment       0x0000000000000043       0x44 ./Src/gpio_driver.o
 .comment       0x0000000000000043       0x44 ./Src/led.o
 .comment       0x0000000000000043       0x44 ./Src/main.o
 .comment       0x0000000000000043       0x44 ./Src/oskernel.o

.debug_info     0x0000000000000000     0x1cce
 .debug_info    0x0000000000000000      0xdc4 ./Src/gpio_driver.o
 .debug_info    0x0000000000000dc4      0x37a ./Src/led.o
 .debug_info    0x000000000000113e      0x326 ./Src/main.o
 .debug_info    0x0000000000001464      0x847 ./Src/oskernel.o
 .debug_info    0x0000000000001cab       0x23 ./Startup/startup_stm32f411vetx.o

.debug_abbrev   0x0000000000000000      0x7ba
 .debug_abbrev  0x0000000000000000      0x227 ./Src/gpio_driver.o
 .debug_abbrev  0x0000000000000227      0x133 ./Src/led.o
 .debug_abbrev  0x000000000000035a      0x187 ./Src/main.o
 .debug_abbrev  0x00000000000004e1      0x2c7 ./Src/oskernel.o
 .debug_abbrev  0x00000000000007a8       0x12 ./Startup/startup_stm32f411vetx.o

.debug_aranges  0x0000000000000000      0x190
 .debug_aranges
                0x0000000000000000       0x80 ./Src/gpio_driver.o
 .debug_aranges
                0x0000000000000080       0x20 ./Src/led.o
 .debug_aranges
                0x00000000000000a0       0x48 ./Src/main.o
 .debug_aranges
                0x00000000000000e8       0x80 ./Src/oskernel.o
 .debug_aranges
                0x0000000000000168       0x28 ./Startup/startup_stm32f411vetx.o

.debug_rnglists
                0x0000000000000000      0x117
 .debug_rnglists
                0x0000000000000000       0x5e ./Src/gpio_driver.o
 .debug_rnglists
                0x000000000000005e       0x13 ./Src/led.o
 .debug_rnglists
                0x0000000000000071       0x31 ./Src/main.o
 .debug_rnglists
                0x00000000000000a2       0x5c ./Src/oskernel.o
 .debug_rnglists
                0x00000000000000fe       0x19 ./Startup/startup_stm32f411vetx.o

.debug_macro    0x0000000000000000     0xea7d
 .debug_macro   0x0000000000000000       0xce ./Src/gpio_driver.o
 .debug_macro   0x00000000000000ce      0xab4 ./Src/gpio_driver.o
 .debug_macro   0x0000000000000b82       0x28 ./Src/gpio_driver.o
 .debug_macro   0x0000000000000baa       0x22 ./Src/gpio_driver.o
 .debug_macro   0x0000000000000bcc       0x8e ./Src/gpio_driver.o
 .debug_macro   0x0000000000000c5a       0x51 ./Src/gpio_driver.o
 .debug_macro   0x0000000000000cab      0x103 ./Src/gpio_driver.o
 .debug_macro   0x0000000000000dae       0x6a ./Src/gpio_driver.o
 .debug_macro   0x0000000000000e18      0x1df ./Src/gpio_driver.o
 .debug_macro   0x0000000000000ff7       0x1c ./Src/gpio_driver.o
 .debug_macro   0x0000000000001013       0x22 ./Src/gpio_driver.o
 .debug_macro   0x0000000000001035       0xd9 ./Src/gpio_driver.o
 .debug_macro   0x000000000000110e     0x102d ./Src/gpio_driver.o
 .debug_macro   0x000000000000213b      0x11f ./Src/gpio_driver.o
 .debug_macro   0x000000000000225a     0xb953 ./Src/gpio_driver.o
 .debug_macro   0x000000000000dbad       0x40 ./Src/gpio_driver.o
 .debug_macro   0x000000000000dbed       0xd8 ./Src/led.o
 .debug_macro   0x000000000000dcc5      0x1c8 ./Src/main.o
 .debug_macro   0x000000000000de8d       0x61 ./Src/main.o
 .debug_macro   0x000000000000deee       0x2a ./Src/main.o
 .debug_macro   0x000000000000df18       0x43 ./Src/main.o
 .debug_macro   0x000000000000df5b       0x34 ./Src/main.o
 .debug_macro   0x000000000000df8f       0x16 ./Src/main.o
 .debug_macro   0x000000000000dfa5       0x97 ./Src/main.o
 .debug_macro   0x000000000000e03c      0x369 ./Src/main.o
 .debug_macro   0x000000000000e3a5       0xfd ./Src/main.o
 .debug_macro   0x000000000000e4a2       0x10 ./Src/main.o
 .debug_macro   0x000000000000e4b2       0x16 ./Src/main.o
 .debug_macro   0x000000000000e4c8       0x43 ./Src/main.o
 .debug_macro   0x000000000000e50b       0x34 ./Src/main.o
 .debug_macro   0x000000000000e53f       0x10 ./Src/main.o
 .debug_macro   0x000000000000e54f       0x58 ./Src/main.o
 .debug_macro   0x000000000000e5a7       0x8e ./Src/main.o
 .debug_macro   0x000000000000e635       0x1c ./Src/main.o
 .debug_macro   0x000000000000e651      0x177 ./Src/main.o
 .debug_macro   0x000000000000e7c8       0x16 ./Src/main.o
 .debug_macro   0x000000000000e7de       0x16 ./Src/main.o
 .debug_macro   0x000000000000e7f4      0x147 ./Src/main.o
 .debug_macro   0x000000000000e93b       0x34 ./Src/main.o
 .debug_macro   0x000000000000e96f       0x46 ./Src/main.o
 .debug_macro   0x000000000000e9b5       0xc8 ./Src/oskernel.o

.debug_line     0x0000000000000000     0x1caf
 .debug_line    0x0000000000000000      0x938 ./Src/gpio_driver.o
 .debug_line    0x0000000000000938      0x4c8 ./Src/led.o
 .debug_line    0x0000000000000e00      0x6dc ./Src/main.o
 .debug_line    0x00000000000014dc      0x758 ./Src/oskernel.o
 .debug_line    0x0000000000001c34       0x7b ./Startup/startup_stm32f411vetx.o

.debug_str      0x0000000000000000    0x53956
 .debug_str     0x0000000000000000    0x4fc2e ./Src/gpio_driver.o
                                      0x4fdfa (size before relaxing)
 .debug_str     0x000000000004fc2e       0x50 ./Src/led.o
                                      0x4f732 (size before relaxing)
 .debug_str     0x000000000004fc7e     0x3b5a ./Src/main.o
                                      0x531b4 (size before relaxing)
 .debug_str     0x00000000000537d8      0x14f ./Src/oskernel.o
                                      0x4fa53 (size before relaxing)
 .debug_str     0x0000000000053927       0x2f ./Startup/startup_stm32f411vetx.o
                                         0x64 (size before relaxing)

.debug_frame    0x0000000000000000      0x4dc
 .debug_frame   0x0000000000000000      0x214 ./Src/gpio_driver.o
 .debug_frame   0x0000000000000214       0x34 ./Src/led.o
 .debug_frame   0x0000000000000248       0xb4 ./Src/main.o
 .debug_frame   0x00000000000002fc      0x1b4 ./Src/oskernel.o
 .debug_frame   0x00000000000004b0       0x2c C:/ST/STM32CubeIDE_1.13.0/STM32CubeIDE/plugins/com.st.stm32cube.ide.mcu.externaltools.gnu-tools-for-stm32.11.3.rel1.win32_1.1.0.202305231506/tools/bin/../lib/gcc/arm-none-eabi/11.3.1/../../../../arm-none-eabi/lib/thumb/v7e-m+fp/hard\libc_nano.a(libc_a-init.o)

.debug_line_str
                0x0000000000000000       0x58
 .debug_line_str
                0x0000000000000000       0x58 ./Startup/startup_stm32f411vetx.o
                                         0x70 (size before relaxing)
