../Inc/core_cm4.h:1816:22:__NVIC_SetPriority	16	static
../Src/oskernel.c:34:13:osKernelStackInit	24	static
../Src/oskernel.c:46:9:osKernelAddThreads	24	static,ignoring_inline_asm
../Src/oskernel.c:71:6:osKernelInit	8	static
../Src/oskernel.c:77:6:osKernelLaunch	16	static
../Src/oskernel.c:96:6:SysTick_Handler	8	static
../Src/oskernel.c:104:13:update_ticks	4	static
../Src/oskernel.c:108:28:PendSV_Handler	0	static,ignoring_inline_asm
../Src/oskernel.c:145:36:osSchedulerLaunch	0	static,ignoring_inline_asm
../Src/oskernel.c:173:10:getTick	4	static,ignoring_inline_asm
../Src/oskernel.c:186:6:update_next_thread	16	static
../Src/oskernel.c:203:6:unblock_threads	16	static
../Src/oskernel.c:220:6:thread_delay	16	static,ignoring_inline_asm
